Determining if the include file socket.h exists failed with the following output:
Change Dir: /home/yuhangdai/OpenModelica/CMakeFiles/CMakeTmp

Run Build Command(s):/usr/bin/gmake -f Makefile cmTC_38168/fast && /usr/bin/gmake  -f CMakeFiles/cmTC_38168.dir/build.make CMakeFiles/cmTC_38168.dir/build
gmake[1]: Entering directory '/home/yuhangdai/OpenModelica/CMakeFiles/CMakeTmp'
Building C object CMakeFiles/cmTC_38168.dir/CheckIncludeFile.c.o
/usr/bin/cc   -fPIE -o CMakeFiles/cmTC_38168.dir/CheckIncludeFile.c.o -c /home/yuhangdai/OpenModelica/CMakeFiles/CMakeTmp/CheckIncludeFile.c
/home/yuhangdai/OpenModelica/CMakeFiles/CMakeTmp/CheckIncludeFile.c:1:10: fatal error: socket.h: No such file or directory
    1 | #include <socket.h>
      |          ^~~~~~~~~~
compilation terminated.
gmake[1]: *** [CMakeFiles/cmTC_38168.dir/build.make:78: CMakeFiles/cmTC_38168.dir/CheckIncludeFile.c.o] Error 1
gmake[1]: Leaving directory '/home/yuhangdai/OpenModelica/CMakeFiles/CMakeTmp'
gmake: *** [Makefile:127: cmTC_38168/fast] Error 2



Determining if the include file sys/malloc.h exists failed with the following output:
Change Dir: /home/yuhangdai/OpenModelica/CMakeFiles/CMakeTmp

Run Build Command(s):/usr/bin/gmake -f Makefile cmTC_17530/fast && /usr/bin/gmake  -f CMakeFiles/cmTC_17530.dir/build.make CMakeFiles/cmTC_17530.dir/build
gmake[1]: Entering directory '/home/yuhangdai/OpenModelica/CMakeFiles/CMakeTmp'
Building C object CMakeFiles/cmTC_17530.dir/CheckIncludeFile.c.o
/usr/bin/cc   -fPIE -o CMakeFiles/cmTC_17530.dir/CheckIncludeFile.c.o -c /home/yuhangdai/OpenModelica/CMakeFiles/CMakeTmp/CheckIncludeFile.c
/home/yuhangdai/OpenModelica/CMakeFiles/CMakeTmp/CheckIncludeFile.c:1:10: fatal error: sys/malloc.h: No such file or directory
    1 | #include <sys/malloc.h>
      |          ^~~~~~~~~~~~~~
compilation terminated.
gmake[1]: *** [CMakeFiles/cmTC_17530.dir/build.make:78: CMakeFiles/cmTC_17530.dir/CheckIncludeFile.c.o] Error 1
gmake[1]: Leaving directory '/home/yuhangdai/OpenModelica/CMakeFiles/CMakeTmp'
gmake: *** [Makefile:127: cmTC_17530/fast] Error 2



Determining if the function sqrt exists failed with the following output:
Change Dir: /home/yuhangdai/OpenModelica/CMakeFiles/CMakeTmp

Run Build Command(s):/usr/bin/gmake -f Makefile cmTC_a5206/fast && /usr/bin/gmake  -f CMakeFiles/cmTC_a5206.dir/build.make CMakeFiles/cmTC_a5206.dir/build
gmake[1]: Entering directory '/home/yuhangdai/OpenModelica/CMakeFiles/CMakeTmp'
Building C object CMakeFiles/cmTC_a5206.dir/CheckFunctionExists.c.o
/usr/bin/cc   -DCHECK_FUNCTION_EXISTS=sqrt -fPIE -o CMakeFiles/cmTC_a5206.dir/CheckFunctionExists.c.o -c /usr/share/cmake-3.22/Modules/CheckFunctionExists.c
<command-line>: warning: conflicting types for built-in function ‘sqrt’; expected ‘double(double)’ [-Wbuiltin-declaration-mismatch]
/usr/share/cmake-3.22/Modules/CheckFunctionExists.c:7:3: note: in expansion of macro ‘CHECK_FUNCTION_EXISTS’
    7 |   CHECK_FUNCTION_EXISTS(void);
      |   ^~~~~~~~~~~~~~~~~~~~~
/usr/share/cmake-3.22/Modules/CheckFunctionExists.c:1:1: note: ‘sqrt’ is declared in header ‘<math.h>’
  +++ |+#include <math.h>
    1 | #ifdef CHECK_FUNCTION_EXISTS
Linking C executable cmTC_a5206
/usr/bin/cmake -E cmake_link_script CMakeFiles/cmTC_a5206.dir/link.txt --verbose=1
/usr/bin/cc  -DCHECK_FUNCTION_EXISTS=sqrt CMakeFiles/cmTC_a5206.dir/CheckFunctionExists.c.o -o cmTC_a5206 
/usr/bin/ld: CMakeFiles/cmTC_a5206.dir/CheckFunctionExists.c.o: in function `main':
CheckFunctionExists.c:(.text+0x14): undefined reference to `sqrt'
collect2: error: ld returned 1 exit status
gmake[1]: *** [CMakeFiles/cmTC_a5206.dir/build.make:99: cmTC_a5206] Error 1
gmake[1]: Leaving directory '/home/yuhangdai/OpenModelica/CMakeFiles/CMakeTmp'
gmake: *** [Makefile:127: cmTC_a5206/fast] Error 2



